
[31m │  ⚠  Warning from the Material for MkDocs team[0m
[31m │[0m
[31m │[0m  MkDocs 2.0, the underlying framework of Material for MkDocs,
[31m │[0m  will introduce backward-incompatible changes, including:
[31m │[0m
[31m │  × [0mAll plugins will stop working – the plugin system has been removed
[31m │  × [0mAll theme overrides will break – the theming system has been rewritten
[31m │  × [0mNo migration path exists – existing projects cannot be upgraded
[31m │  × [0mClosed contribution model – community members can't report bugs
[31m │  × [0mCurrently unlicensed – unsuitable for production use
[31m │[0m
[31m │[0m  Our full analysis:
[31m │[0m
[31m │[0m  [4mhttps://squidfunk.github.io/mkdocs-material/blog/2026/02/18/mkdocs-2.0/[0m
[0m
INFO    -  Cleaning site directory
INFO    -  Building documentation to directory: /workspaces/security-notes/site
INFO    -  The following pages exist in the docs directory, but are not included in the "nav" configuration:
  - cheatsheets/deserialization.md
  - cheatsheets/ssti.md
WARNING -  Doc file 'cheatsheets/content-discovery.md' contains a link '../reconnaissance/index.md', but the target 'reconnaissance/index.md' is not found among documentation files.
WARNING -  Doc file 'cheatsheets/content-discovery.md' contains a link '../reconnaissance/content-discovery.md', but the target 'reconnaissance/content-discovery.md' is not found among documentation files.
WARNING -  Doc file 'cheatsheets/content-discovery.md' contains a link '../reconnaissance/parameter-discovery.md', but the target 'reconnaissance/parameter-discovery.md' is not found among documentation files.
WARNING -  Doc file 'cheatsheets/content-discovery.md' contains a link '../reconnaissance/javascript-analysis.md', but the target 'reconnaissance/javascript-analysis.md' is not found among documentation files.
WARNING -  Doc file 'cheatsheets/content-discovery.md' contains a link '../reconnaissance/technology-identification.md', but the target 'reconnaissance/technology-identification.md' is not found among documentation files.
WARNING -  Doc file 'cheatsheets/xss.md' contains a link '../web/csp.md', but the target 'web/csp.md' is not found among documentation files.
WARNING -  Doc file 'cheatsheets/xss.md' contains a link '../reconnaissance/javascript-analysis.md', but the target 'reconnaissance/javascript-analysis.md' is not found among documentation files.
INFO    -  Doc file 'privesc/index.md' contains an unrecognized relative link 'windows/', it was left as is. Did you mean 'windows.md'?
INFO    -  Doc file 'privesc/index.md' contains an unrecognized relative link 'linux/', it was left as is. Did you mean 'linux.md'?
INFO    -  Doc file 'privesc/index.md' contains an unrecognized relative link '../windows/', it was left as is. Did you mean '../windows/index.md'?
INFO    -  Doc file 'privesc/index.md' contains an unrecognized relative link '../windows/enumeration/', it was left as is. Did you mean '../windows/enumeration.md'?
INFO    -  Doc file 'privesc/index.md' contains an unrecognized relative link '../windows/privilege-escalation/', it was left as is. Did you mean '../windows/privilege-escalation.md'?
INFO    -  Doc file 'privesc/index.md' contains an unrecognized relative link '../windows/services/', it was left as is. Did you mean '../windows/services.md'?
INFO    -  Doc file 'privesc/index.md' contains an unrecognized relative link '../windows/credentials/', it was left as is. Did you mean '../windows/credentials.md'?
INFO    -  Doc file 'privesc/index.md' contains an unrecognized relative link '../windows/powershell/', it was left as is. Did you mean '../windows/powershell.md'?
INFO    -  Doc file 'privesc/index.md' contains an unrecognized relative link '../linux/', it was left as is. Did you mean '../linux/index.md'?
INFO    -  Doc file 'privesc/index.md' contains an unrecognized relative link '../linux/enumeration/', it was left as is. Did you mean '../linux/enumeration.md'?
INFO    -  Doc file 'privesc/index.md' contains an unrecognized relative link '../linux/privilege-escalation/', it was left as is. Did you mean '../linux/privilege-escalation.md'?
INFO    -  Doc file 'privesc/index.md' contains an unrecognized relative link '../linux/services/', it was left as is. Did you mean '../linux/services.md'?
INFO    -  Doc file 'privesc/index.md' contains an unrecognized relative link '../linux/credentials/', it was left as is. Did you mean '../linux/credentials.md'?
INFO    -  Doc file 'privesc/linux.md' contains an unrecognized relative link './', it was left as is. Did you mean 'linux.md'?
INFO    -  Doc file 'privesc/linux.md' contains an unrecognized relative link '../windows/', it was left as is. Did you mean '../windows/index.md'?
INFO    -  Doc file 'privesc/linux.md' contains an unrecognized relative link '../../linux/', it was left as is. Did you mean '../linux/index.md'?
INFO    -  Doc file 'privesc/linux.md' contains an unrecognized relative link '../../linux/enumeration/', it was left as is. Did you mean '../linux/enumeration.md'?
INFO    -  Doc file 'privesc/linux.md' contains an unrecognized relative link '../../linux/privilege-escalation/', it was left as is. Did you mean '../linux/privilege-escalation.md'?
INFO    -  Doc file 'privesc/linux.md' contains an unrecognized relative link '../../linux/services/', it was left as is. Did you mean '../linux/services.md'?
INFO    -  Doc file 'privesc/linux.md' contains an unrecognized relative link '../../linux/credentials/', it was left as is. Did you mean '../linux/credentials.md'?
INFO    -  Doc file 'privesc/windows.md' contains an unrecognized relative link './', it was left as is. Did you mean 'windows.md'?
INFO    -  Doc file 'privesc/windows.md' contains an unrecognized relative link '../linux/', it was left as is. Did you mean '../linux/index.md'?
INFO    -  Doc file 'privesc/windows.md' contains an unrecognized relative link '../../windows/', it was left as is. Did you mean '../windows/index.md'?
INFO    -  Doc file 'privesc/windows.md' contains an unrecognized relative link '../../windows/enumeration/', it was left as is. Did you mean '../windows/enumeration.md'?
INFO    -  Doc file 'privesc/windows.md' contains an unrecognized relative link '../../windows/privilege-escalation/', it was left as is. Did you mean '../windows/privilege-escalation.md'?
INFO    -  Doc file 'privesc/windows.md' contains an unrecognized relative link '../../windows/services/', it was left as is. Did you mean '../windows/services.md'?
INFO    -  Doc file 'privesc/windows.md' contains an unrecognized relative link '../../windows/credentials/', it was left as is. Did you mean '../windows/credentials.md'?
INFO    -  Doc file 'privesc/windows.md' contains an unrecognized relative link '../../windows/powershell/', it was left as is. Did you mean '../windows/powershell.md'?
INFO    -  Doc file 'red-teaming/index.md' contains an unrecognized relative link '../privesc/windows/', it was left as is. Did you mean '../privesc/windows.md'?
INFO    -  Doc file 'red-teaming/index.md' contains an unrecognized relative link '../privesc/linux/', it was left as is. Did you mean '../privesc/linux.md'?
INFO    -  Doc file 'red-teaming/index.md' contains an unrecognized relative link '../active-directory/', it was left as is. Did you mean '../active-directory/index.md'?
INFO    -  Doc file 'red-teaming/index.md' contains an unrecognized relative link '../windows/', it was left as is. Did you mean '../windows/index.md'?
INFO    -  Doc file 'red-teaming/index.md' contains an unrecognized relative link '../linux/', it was left as is. Did you mean '../linux/index.md'?
INFO    -  Doc file 'red-teaming/index.md' contains an unrecognized relative link '../privesc/', it was left as is. Did you mean '../privesc/index.md'?
INFO    -  Doc file 'red-teaming/index.md' contains an unrecognized relative link '../active-directory/', it was left as is. Did you mean '../active-directory/index.md'?
INFO    -  Doc file 'red-teaming/index.md' contains an unrecognized relative link '../web/', it was left as is. Did you mean '../web/index.md'?
INFO    -  Doc file 'red-teaming/index.md' contains an unrecognized relative link '../purple-teaming/', it was left as is. Did you mean '../purple-teaming/index.md'?
INFO    -  Doc file 'red-teaming/index.md' contains an unrecognized relative link '../cheatsheets/', it was left as is. Did you mean '../cheatsheets/index.md'?
INFO    -  Doc file 'red-teaming/adversary-emulation.md' contains an unrecognized relative link './', it was left as is. Did you mean 'adversary-emulation.md'?
INFO    -  Doc file 'red-teaming/cleanup.md' contains an unrecognized relative link './', it was left as is. Did you mean 'cleanup.md'?
INFO    -  Doc file 'red-teaming/collection.md' contains an unrecognized relative link './', it was left as is. Did you mean 'collection.md'?
INFO    -  Doc file 'red-teaming/collection.md' contains an unrecognized relative link '../active-directory/', it was left as is. Did you mean '../active-directory/index.md'?
INFO    -  Doc file 'red-teaming/command-and-control.md' contains an unrecognized relative link './', it was left as is. Did you mean 'command-and-control.md'?
INFO    -  Doc file 'red-teaming/command-and-control.md' contains an unrecognized relative link '../windows/', it was left as is. Did you mean '../windows/index.md'?
INFO    -  Doc file 'red-teaming/command-and-control.md' contains an unrecognized relative link '../linux/', it was left as is. Did you mean '../linux/index.md'?
INFO    -  Doc file 'red-teaming/command-and-control.md' contains an unrecognized relative link '../active-directory/', it was left as is. Did you mean '../active-directory/index.md'?
INFO    -  Doc file 'red-teaming/command-and-control.md' contains an unrecognized relative link '../privesc/', it was left as is. Did you mean '../privesc/index.md'?
INFO    -  Doc file 'red-teaming/credential-access.md' contains an unrecognized relative link '../web/jwt/', it was left as is. Did you mean '../web/jwt.md'?
INFO    -  Doc file 'red-teaming/credential-access.md' contains an unrecognized relative link '../privesc/windows/', it was left as is. Did you mean '../privesc/windows.md'?
INFO    -  Doc file 'red-teaming/credential-access.md' contains an unrecognized relative link '../privesc/linux/', it was left as is. Did you mean '../privesc/linux.md'?
INFO    -  Doc file 'red-teaming/credential-access.md' contains an unrecognized relative link '../active-directory/', it was left as is. Did you mean '../active-directory/index.md'?
INFO    -  Doc file 'red-teaming/credential-access.md' contains an unrecognized relative link '../active-directory/ad-cs/', it was left as is. Did you mean '../active-directory/ad-cs/index.md'?
INFO    -  Doc file 'red-teaming/credential-access.md' contains an unrecognized relative link './', it was left as is. Did you mean 'credential-access.md'?
INFO    -  Doc file 'red-teaming/credential-access.md' contains an unrecognized relative link '../windows/', it was left as is. Did you mean '../windows/index.md'?
INFO    -  Doc file 'red-teaming/credential-access.md' contains an unrecognized relative link '../linux/', it was left as is. Did you mean '../linux/index.md'?
INFO    -  Doc file 'red-teaming/credential-access.md' contains an unrecognized relative link '../active-directory/', it was left as is. Did you mean '../active-directory/index.md'?
INFO    -  Doc file 'red-teaming/credential-access.md' contains an unrecognized relative link '../active-directory/ad-cs/', it was left as is. Did you mean '../active-directory/ad-cs/index.md'?
INFO    -  Doc file 'red-teaming/credential-access.md' contains an unrecognized relative link '../privesc/', it was left as is. Did you mean '../privesc/index.md'?
INFO    -  Doc file 'red-teaming/defence-evasion.md' contains an unrecognized relative link './', it was left as is. Did you mean 'defence-evasion.md'?
INFO    -  Doc file 'red-teaming/defence-evasion.md' contains an unrecognized relative link '../windows/', it was left as is. Did you mean '../windows/index.md'?
INFO    -  Doc file 'red-teaming/defence-evasion.md' contains an unrecognized relative link '../privesc/windows/', it was left as is. Did you mean '../privesc/windows.md'?
INFO    -  Doc file 'red-teaming/defence-evasion.md' contains an unrecognized relative link '../active-directory/', it was left as is. Did you mean '../active-directory/index.md'?
INFO    -  Doc file 'red-teaming/detection-validation.md' contains an unrecognized relative link './', it was left as is. Did you mean 'detection-validation.md'?
INFO    -  Doc file 'red-teaming/detection-validation.md' contains an unrecognized relative link '../windows/', it was left as is. Did you mean '../windows/index.md'?
INFO    -  Doc file 'red-teaming/detection-validation.md' contains an unrecognized relative link '../active-directory/', it was left as is. Did you mean '../active-directory/index.md'?
INFO    -  Doc file 'red-teaming/discovery.md' contains an unrecognized relative link '../active-directory/ad-cs/', it was left as is. Did you mean '../active-directory/ad-cs/index.md'?
INFO    -  Doc file 'red-teaming/discovery.md' contains an unrecognized relative link '../privesc/', it was left as is. Did you mean '../privesc/index.md'?
INFO    -  Doc file 'red-teaming/discovery.md' contains an unrecognized relative link './', it was left as is. Did you mean 'discovery.md'?
INFO    -  Doc file 'red-teaming/discovery.md' contains an unrecognized relative link '../privesc/', it was left as is. Did you mean '../privesc/index.md'?
INFO    -  Doc file 'red-teaming/execution.md' contains an unrecognized relative link '../privesc/', it was left as is. Did you mean '../privesc/index.md'?
INFO    -  Doc file 'red-teaming/execution.md' contains an unrecognized relative link './', it was left as is. Did you mean 'execution.md'?
INFO    -  Doc file 'red-teaming/execution.md' contains an unrecognized relative link '../windows/', it was left as is. Did you mean '../windows/index.md'?
INFO    -  Doc file 'red-teaming/execution.md' contains an unrecognized relative link '../linux/', it was left as is. Did you mean '../linux/index.md'?
INFO    -  Doc file 'red-teaming/execution.md' contains an unrecognized relative link '../privesc/', it was left as is. Did you mean '../privesc/index.md'?
INFO    -  Doc file 'red-teaming/exfiltration.md' contains an unrecognized relative link './', it was left as is. Did you mean 'exfiltration.md'?
INFO    -  Doc file 'red-teaming/infrastructure.md' contains an unrecognized relative link './', it was left as is. Did you mean 'infrastructure.md'?
INFO    -  Doc file 'red-teaming/infrastructure.md' contains an unrecognized relative link '../windows/', it was left as is. Did you mean '../windows/index.md'?
INFO    -  Doc file 'red-teaming/infrastructure.md' contains an unrecognized relative link '../linux/', it was left as is. Did you mean '../linux/index.md'?
INFO    -  Doc file 'red-teaming/infrastructure.md' contains an unrecognized relative link '../active-directory/', it was left as is. Did you mean '../active-directory/index.md'?
INFO    -  Doc file 'red-teaming/infrastructure.md' contains an unrecognized relative link '../privesc/', it was left as is. Did you mean '../privesc/index.md'?
INFO    -  Doc file 'red-teaming/initial-access.md' contains an unrecognized relative link '../web/', it was left as is. Did you mean '../web/index.md'?
INFO    -  Doc file 'red-teaming/initial-access.md' contains an unrecognized relative link '../privesc/windows/', it was left as is. Did you mean '../privesc/windows.md'?
INFO    -  Doc file 'red-teaming/initial-access.md' contains an unrecognized relative link '../privesc/linux/', it was left as is. Did you mean '../privesc/linux.md'?
INFO    -  Doc file 'red-teaming/initial-access.md' contains an unrecognized relative link '../active-directory/', it was left as is. Did you mean '../active-directory/index.md'?
INFO    -  Doc file 'red-teaming/initial-access.md' contains an unrecognized relative link '../web/', it was left as is. Did you mean '../web/index.md'?
INFO    -  Doc file 'red-teaming/initial-access.md' contains an unrecognized relative link './', it was left as is. Did you mean 'initial-access.md'?
INFO    -  Doc file 'red-teaming/initial-access.md' contains an unrecognized relative link '../windows/', it was left as is. Did you mean '../windows/index.md'?
INFO    -  Doc file 'red-teaming/initial-access.md' contains an unrecognized relative link '../linux/', it was left as is. Did you mean '../linux/index.md'?
INFO    -  Doc file 'red-teaming/initial-access.md' contains an unrecognized relative link '../active-directory/', it was left as is. Did you mean '../active-directory/index.md'?
INFO    -  Doc file 'red-teaming/initial-access.md' contains an unrecognized relative link '../privesc/', it was left as is. Did you mean '../privesc/index.md'?
INFO    -  Doc file 'red-teaming/initial-access.md' contains an unrecognized relative link '../web/', it was left as is. Did you mean '../web/index.md'?
INFO    -  Doc file 'red-teaming/lateral-movement.md' contains an unrecognized relative link './', it was left as is. Did you mean 'lateral-movement.md'?
INFO    -  Doc file 'red-teaming/lateral-movement.md' contains an unrecognized relative link '../windows/', it was left as is. Did you mean '../windows/index.md'?
INFO    -  Doc file 'red-teaming/lateral-movement.md' contains an unrecognized relative link '../linux/', it was left as is. Did you mean '../linux/index.md'?
INFO    -  Doc file 'red-teaming/lateral-movement.md' contains an unrecognized relative link '../active-directory/', it was left as is. Did you mean '../active-directory/index.md'?
INFO    -  Doc file 'red-teaming/lateral-movement.md' contains an unrecognized relative link '../privesc/windows/', it was left as is. Did you mean '../privesc/windows.md'?
INFO    -  Doc file 'red-teaming/lateral-movement.md' contains an unrecognized relative link '../privesc/linux/', it was left as is. Did you mean '../privesc/linux.md'?
INFO    -  Doc file 'red-teaming/methodology.md' contains an unrecognized relative link '../privesc/windows/', it was left as is. Did you mean '../privesc/windows.md'?
INFO    -  Doc file 'red-teaming/methodology.md' contains an unrecognized relative link '../privesc/linux/', it was left as is. Did you mean '../privesc/linux.md'?
INFO    -  Doc file 'red-teaming/methodology.md' contains an unrecognized relative link '../active-directory/', it was left as is. Did you mean '../active-directory/index.md'?
INFO    -  Doc file 'red-teaming/methodology.md' contains an unrecognized relative link './', it was left as is. Did you mean 'methodology.md'?
INFO    -  Doc file 'red-teaming/methodology.md' contains an unrecognized relative link '../windows/', it was left as is. Did you mean '../windows/index.md'?
INFO    -  Doc file 'red-teaming/methodology.md' contains an unrecognized relative link '../linux/', it was left as is. Did you mean '../linux/index.md'?
INFO    -  Doc file 'red-teaming/methodology.md' contains an unrecognized relative link '../privesc/windows/', it was left as is. Did you mean '../privesc/windows.md'?
INFO    -  Doc file 'red-teaming/methodology.md' contains an unrecognized relative link '../privesc/linux/', it was left as is. Did you mean '../privesc/linux.md'?
INFO    -  Doc file 'red-teaming/methodology.md' contains an unrecognized relative link '../active-directory/', it was left as is. Did you mean '../active-directory/index.md'?
INFO    -  Doc file 'red-teaming/opsec.md' contains an unrecognized relative link './', it was left as is. Did you mean 'opsec.md'?
INFO    -  Doc file 'red-teaming/opsec.md' contains an unrecognized relative link '../windows/', it was left as is. Did you mean '../windows/index.md'?
INFO    -  Doc file 'red-teaming/opsec.md' contains an unrecognized relative link '../linux/', it was left as is. Did you mean '../linux/index.md'?
INFO    -  Doc file 'red-teaming/opsec.md' contains an unrecognized relative link '../active-directory/', it was left as is. Did you mean '../active-directory/index.md'?
INFO    -  Doc file 'red-teaming/persistence.md' contains an unrecognized relative link '../active-directory/ad-cs/', it was left as is. Did you mean '../active-directory/ad-cs/index.md'?
INFO    -  Doc file 'red-teaming/persistence.md' contains an unrecognized relative link '../privesc/windows/', it was left as is. Did you mean '../privesc/windows.md'?
INFO    -  Doc file 'red-teaming/persistence.md' contains an unrecognized relative link '../privesc/linux/', it was left as is. Did you mean '../privesc/linux.md'?
INFO    -  Doc file 'red-teaming/persistence.md' contains an unrecognized relative link './', it was left as is. Did you mean 'persistence.md'?
INFO    -  Doc file 'red-teaming/persistence.md' contains an unrecognized relative link '../windows/', it was left as is. Did you mean '../windows/index.md'?
INFO    -  Doc file 'red-teaming/persistence.md' contains an unrecognized relative link '../linux/', it was left as is. Did you mean '../linux/index.md'?
INFO    -  Doc file 'red-teaming/persistence.md' contains an unrecognized relative link '../privesc/windows/', it was left as is. Did you mean '../privesc/windows.md'?
INFO    -  Doc file 'red-teaming/persistence.md' contains an unrecognized relative link '../privesc/linux/', it was left as is. Did you mean '../privesc/linux.md'?
INFO    -  Doc file 'red-teaming/persistence.md' contains an unrecognized relative link '../active-directory/', it was left as is. Did you mean '../active-directory/index.md'?
INFO    -  Doc file 'red-teaming/persistence.md' contains an unrecognized relative link '../active-directory/ad-cs/', it was left as is. Did you mean '../active-directory/ad-cs/index.md'?
INFO    -  Doc file 'red-teaming/phishing.md' contains an unrecognized relative link './', it was left as is. Did you mean 'phishing.md'?
INFO    -  Doc file 'red-teaming/privilege-escalation.md' contains an unrecognized relative link '../active-directory/ad-cs/', it was left as is. Did you mean '../active-directory/ad-cs/index.md'?
INFO    -  Doc file 'red-teaming/privilege-escalation.md' contains an unrecognized relative link '../privesc/', it was left as is. Did you mean '../privesc/index.md'?
INFO    -  Doc file 'red-teaming/privilege-escalation.md' contains an unrecognized relative link './', it was left as is. Did you mean 'privilege-escalation.md'?
INFO    -  Doc file 'red-teaming/privilege-escalation.md' contains an unrecognized relative link '../privesc/', it was left as is. Did you mean '../privesc/index.md'?
INFO    -  Doc file 'red-teaming/privilege-escalation.md' contains an unrecognized relative link '../active-directory/', it was left as is. Did you mean '../active-directory/index.md'?
INFO    -  Doc file 'red-teaming/privilege-escalation.md' contains an unrecognized relative link '../active-directory/ad-cs/', it was left as is. Did you mean '../active-directory/ad-cs/index.md'?
INFO    -  Doc file 'red-teaming/reconnaissance.md' contains an unrecognized relative link './', it was left as is. Did you mean 'reconnaissance.md'?
INFO    -  Doc file 'red-teaming/reconnaissance.md' contains an unrecognized relative link '../web/reconnaissance/', it was left as is. Did you mean '../web/reconnaissance/index.md'?
INFO    -  Doc file 'red-teaming/reporting.md' contains an unrecognized relative link './', it was left as is. Did you mean 'reporting.md'?
INFO    -  Doc file 'red-teaming/reporting.md' contains an unrecognized relative link '../active-directory/', it was left as is. Did you mean '../active-directory/index.md'?
INFO    -  Doc file 'red-teaming/reporting.md' contains an unrecognized relative link '../windows/', it was left as is. Did you mean '../windows/index.md'?
INFO    -  Doc file 'red-teaming/reporting.md' contains an unrecognized relative link '../linux/', it was left as is. Did you mean '../linux/index.md'?
INFO    -  Doc file 'red-teaming/reporting.md' contains an unrecognized relative link '../privesc/', it was left as is. Did you mean '../privesc/index.md'?
INFO    -  Doc file 'red-teaming/social-engineering.md' contains an unrecognized relative link './', it was left as is. Did you mean 'social-engineering.md'?
INFO    -  Documentation built in 55.89 seconds
